******************************************************************************
             TMS320C2000 Linker PC v18.1.1                     
******************************************************************************
>> Linked Thu May 10 17:16:15 2018

OUTPUT FILE NAME:   <DoubleFuruta.out>
ENTRY POINT SYMBOL: "code_start"  address: 00080000


MEMORY CONFIGURATION

         name            origin    length      used     unused   attr    fill
----------------------  --------  ---------  --------  --------  ----  --------
PAGE 0:
  RAMM0                 00000122   000002de  00000000  000002de  RWIX
  RAMLS0                00008000   00000800  0000004c  000007b4  RWIX
  RAMLS1                00008800   00000800  00000000  00000800  RWIX
  RAMLS2                00009000   00000800  00000000  00000800  RWIX
  RAMLS3                00009800   00000800  00000000  00000800  RWIX
  RAMLS4                0000a000   00000800  00000000  00000800  RWIX
  RAMD0                 0000b000   00000800  00000000  00000800  RWIX
  RAMGS14               0001a000   00001000  00000000  00001000  RWIX
  RAMGS15               0001b000   00001000  00000000  00001000  RWIX
  BEGIN                 00080000   00000002  00000002  00000000  RWIX
  FLASHA                00080002   00001ffe  00000000  00001ffe  RWIX
  FLASHB                00082000   00002000  0000181b  000007e5  RWIX
  FLASHC                00084000   00002000  00000000  00002000  RWIX
  FLASHD                00086000   00002000  0000004c  00001fb4  RWIX
  FLASHE                00088000   00008000  00000000  00008000  RWIX
  FLASHF                00090000   00008000  000002fa  00007d06  RWIX
  FLASHG                00098000   00008000  00000000  00008000  RWIX
  FLASHH                000a0000   00008000  00000000  00008000  RWIX
  FLASHI                000a8000   00008000  00000000  00008000  RWIX
  FLASHJ                000b0000   00008000  00000000  00008000  RWIX
  FLASHK                000b8000   00002000  00000000  00002000  RWIX
  FLASHL                000ba000   00002000  00000000  00002000  RWIX
  FLASHM                000bc000   00002000  00000000  00002000  RWIX
  FLASHN                000be000   00002000  00000000  00002000  RWIX
  RESET                 003fffc0   00000002  00000000  00000002  RWIX

PAGE 1:
  BOOT_RSVD             00000002   00000120  00000000  00000120  RWIX
  RAMM1                 00000400   00000400  00000100  00000300  RWIX
  ADCA_RESULT           00000b00   00000020  00000018  00000008  RWIX
  ADCB_RESULT           00000b20   00000020  00000018  00000008  RWIX
  ADCC_RESULT           00000b40   00000020  00000018  00000008  RWIX
  ADCD_RESULT           00000b60   00000020  00000018  00000008  RWIX
  CPU_TIMER0            00000c00   00000008  00000008  00000000  RWIX
  CPU_TIMER1            00000c08   00000008  00000008  00000000  RWIX
  CPU_TIMER2            00000c10   00000008  00000008  00000000  RWIX
  PIE_CTRL              00000ce0   00000020  0000001a  00000006  RWIX
  PIE_VECT              00000d00   00000200  000001c0  00000040  RWIX
  DMA                   00001000   00000200  000000e0  00000120  RWIX
  CLA1                  00001400   00000040  0000003e  00000002  RWIX
  EPWM1                 00004000   00000100  00000100  00000000  RWIX
  EPWM2                 00004100   00000100  00000100  00000000  RWIX
  EPWM3                 00004200   00000100  00000100  00000000  RWIX
  EPWM4                 00004300   00000100  00000100  00000000  RWIX
  EPWM5                 00004400   00000100  00000100  00000000  RWIX
  EPWM6                 00004500   00000100  00000100  00000000  RWIX
  EPWM7                 00004600   00000100  00000100  00000000  RWIX
  EPWM8                 00004700   00000100  00000100  00000000  RWIX
  EPWM9                 00004800   00000100  00000100  00000000  RWIX
  EPWM10                00004900   00000100  00000100  00000000  RWIX
  EPWM11                00004a00   00000100  00000100  00000000  RWIX
  EPWM12                00004b00   00000100  00000100  00000000  RWIX
  ECAP1                 00005000   00000020  00000020  00000000  RWIX
  ECAP2                 00005020   00000020  00000020  00000000  RWIX
  ECAP3                 00005040   00000020  00000020  00000000  RWIX
  ECAP4                 00005060   00000020  00000020  00000000  RWIX
  ECAP5                 00005080   00000020  00000020  00000000  RWIX
  ECAP6                 000050a0   00000020  00000020  00000000  RWIX
  EQEP1                 00005100   00000040  00000022  0000001e  RWIX
  EQEP2                 00005140   00000040  00000022  0000001e  RWIX
  EQEP3                 00005180   00000040  00000022  0000001e  RWIX
  DACA                  00005c00   00000010  00000008  00000008  RWIX
  DACB                  00005c10   00000010  00000008  00000008  RWIX
  DACC                  00005c20   00000010  00000008  00000008  RWIX
  CMPSS1                00005c80   00000020  00000020  00000000  RWIX
  CMPSS2                00005ca0   00000020  00000020  00000000  RWIX
  CMPSS3                00005cc0   00000020  00000020  00000000  RWIX
  CMPSS4                00005ce0   00000020  00000020  00000000  RWIX
  CMPSS5                00005d00   00000020  00000020  00000000  RWIX
  CMPSS6                00005d20   00000020  00000020  00000000  RWIX
  CMPSS7                00005d40   00000020  00000020  00000000  RWIX
  CMPSS8                00005d60   00000020  00000020  00000000  RWIX
  SDFM1                 00005e00   00000080  00000080  00000000  RWIX
  SDFM2                 00005e80   00000080  00000080  00000000  RWIX
  MCBSPA                00006000   00000040  00000024  0000001c  RWIX
  MCBSPB                00006040   00000040  00000024  0000001c  RWIX
  SPIA                  00006100   00000010  00000010  00000000  RWIX
  SPIB                  00006110   00000010  00000010  00000000  RWIX
  SPIC                  00006120   00000010  00000010  00000000  RWIX
  SPID                  00006130   00000010  00000000  00000010  RWIX
  UPP                   00006200   00000100  00000048  000000b8  RWIX
  WD                    00007000   00000040  0000002b  00000015  RWIX
  NMIINTRUPT            00007060   00000010  00000007  00000009  RWIX
  XINT                  00007070   00000010  0000000b  00000005  RWIX
  SCIA                  00007200   00000010  00000010  00000000  RWIX
  SCIB                  00007210   00000010  00000010  00000000  RWIX
  SCIC                  00007220   00000010  00000010  00000000  RWIX
  SCID                  00007230   00000010  00000010  00000000  RWIX
  I2CA                  00007300   00000040  00000022  0000001e  RWIX
  I2CB                  00007340   00000040  00000022  0000001e  RWIX
  ADCA                  00007400   00000080  00000080  00000000  RWIX
  ADCB                  00007480   00000080  00000080  00000000  RWIX
  ADCC                  00007500   00000080  00000080  00000000  RWIX
  ADCD                  00007580   00000080  00000080  00000000  RWIX
  INPUT_XBAR            00007900   00000020  00000020  00000000  RWIX
  XBAR                  00007920   00000020  00000020  00000000  RWIX
  SYNC_SOC              00007940   00000010  00000006  0000000a  RWIX
  DMACLASRCSEL          00007980   00000040  0000001a  00000026  RWIX
  EPWM_XBAR             00007a00   00000040  00000040  00000000  RWIX
  CLB_XBAR              00007a40   00000040  00000000  00000040  RWIX
  OUTPUT_XBAR           00007a80   00000040  00000040  00000000  RWIX
  GPIOCTRL              00007c00   00000180  00000180  00000000  RWIX
  GPIODAT               00007f00   00000030  00000030  00000000  RWIX
  RAMLS5                0000a800   00000800  00000088  00000778  RWIX
  RAMD1                 0000b800   00000800  00000000  00000800  RWIX
  RAMGS0                0000c000   00001000  00000000  00001000  RWIX
  RAMGS1                0000d000   00001000  00000000  00001000  RWIX
  RAMGS2                0000e000   00001000  00000000  00001000  RWIX
  RAMGS3                0000f000   00001000  00000000  00001000  RWIX
  RAMGS4                00010000   00001000  00000000  00001000  RWIX
  RAMGS5                00011000   00001000  00000000  00001000  RWIX
  RAMGS6                00012000   00001000  00000000  00001000  RWIX
  RAMGS7                00013000   00001000  00000000  00001000  RWIX
  RAMGS8                00014000   00001000  00000000  00001000  RWIX
  RAMGS9                00015000   00001000  00000000  00001000  RWIX
  RAMGS10               00016000   00001000  00000000  00001000  RWIX
  RAMGS11               00017000   00001000  00000000  00001000  RWIX
  RAMGS12               00018000   00001000  00000000  00001000  RWIX
  RAMGS13               00019000   00001000  00000000  00001000  RWIX
  CPU2TOCPU1RAM         0003f800   00000400  00000000  00000400  RWIX
  CPU1TOCPU2RAM         0003fc00   00000400  00000000  00000400  RWIX
  EMIF1                 00047000   00000800  00000070  00000790  RWIX
  EMIF2                 00047800   00000800  00000070  00000790  RWIX
  CANA                  00048000   00000800  00000164  0000069c  RWIX
  CANB                  0004a000   00000800  00000164  0000069c  RWIX
  IPC                   00050000   00000024  00000024  00000000  RWIX
  FLASHPUMPSEMAPHORE    00050024   00000002  00000002  00000000  RWIX
  DEV_CFG               0005d000   00000180  0000012e  00000052  RWIX
  ANALOG_SUBSYS         0005d180   00000080  00000048  00000038  RWIX
  CLK_CFG               0005d200   00000100  00000032  000000ce  RWIX
  CPU_SYS               0005d300   00000100  00000082  0000007e  RWIX
  ROMPREFETCH           0005e608   00000002  00000002  00000000  RWIX
  DCSM_Z1               0005f000   00000030  00000024  0000000c  RWIX
  DCSM_Z2               0005f040   00000030  00000024  0000000c  RWIX
  DCSM_COMMON           0005f070   00000010  00000008  00000008  RWIX
  MEMCFG                0005f400   00000080  00000080  00000000  RWIX
  EMIF1CONFIG           0005f480   00000020  00000020  00000000  RWIX
  EMIF2CONFIG           0005f4a0   00000020  00000020  00000000  RWIX
  ACCESSPROTECTION      0005f4c0   00000040  00000040  00000000  RWIX
  MEMORYERROR           0005f500   00000040  00000040  00000000  RWIX
  ROMWAITSTATE          0005f540   00000002  00000002  00000000  RWIX
  FLASH0_CTRL           0005f800   00000300  00000182  0000017e  RWIX
  FLASH0_ECC            0005fb00   00000040  00000028  00000018  RWIX


SECTION ALLOCATION MAP

 output                                  attributes/
section   page    origin      length       input sections
--------  ----  ----------  ----------   ----------------
.cinit     0    00082000    0000006f     
                  00082000    0000004c     <whole-program> (.cinit)
                  0008204c    0000000e     rts2800_fpu32.lib : exit.c.obj (.cinit)
                  0008205a    00000009     doublefuruta.obj (.cinit)
                  00082063    00000005     <whole-program> (.cinit:__lock)
                  00082068    00000005     <whole-program> (.cinit:__unlock)
                  0008206d    00000002     --HOLE-- [fill = 0]

.pinit     0    00082000    00000000     UNINITIALIZED

codestart 
*          0    00080000    00000002     
                  00080000    00000002     F2837xD_CodeStartBranch.obj (codestart)

.stack     1    00000400    00000100     UNINITIALIZED
                  00000400    00000100     --HOLE--

.reset     0    003fffc0    00000002     DSECT
                  003fffc0    00000002     rts2800_fpu32.lib : boot28.asm.obj (.reset)

.TI.ramfunc 
*          0    00086000    0000004c     RUN ADDR = 00008000
                  00086000    00000048     F2837xD_SysCtrl.obj (.TI.ramfunc)
                  00086048    00000004     F2837xD_usDelay.obj (.TI.ramfunc)

GETBUFFER 
*          0    0003f800    00000000     DSECT

GETWRITEIDX 
*          0    0003f800    00000000     DSECT

PUTREADIDX 
*          0    0003f800    00000000     DSECT

.econst    0    00090000    000002fa     
                  00090000    000001c0     F2837xD_PieVect.obj (.econst:_PieVectTableInit)
                  000901c0    00000101     rts2800_fpu32.lib : ctype.c.obj (.econst:.string:__ctypes_)
                  000902c1    00000001     --HOLE-- [fill = 0]
                  000902c2    00000020                       : strtod.c.obj (.econst:_digits$11)
                  000902e2    0000000c                       : strtod.c.obj (.econst:_powerof10$11)
                  000902ee    00000006     action.obj (.econst)
                  000902f4    00000004     doublefuruta.obj (.econst)
                  000902f8    00000002     doublefuruta.obj (.econst:.string:_$P$T0$1)

AdcaResultFile 
*          1    00000b00    00000018     UNINITIALIZED
                  00000b00    00000018     F2837xD_GlobalVariableDefs.obj (AdcaResultFile)

AdcbResultFile 
*          1    00000b20    00000018     UNINITIALIZED
                  00000b20    00000018     F2837xD_GlobalVariableDefs.obj (AdcbResultFile)

AdccResultFile 
*          1    00000b40    00000018     UNINITIALIZED
                  00000b40    00000018     F2837xD_GlobalVariableDefs.obj (AdccResultFile)

AdcdResultFile 
*          1    00000b60    00000018     UNINITIALIZED
                  00000b60    00000018     F2837xD_GlobalVariableDefs.obj (AdcdResultFile)

CpuTimer0RegsFile 
*          1    00000c00    00000008     UNINITIALIZED
                  00000c00    00000008     F2837xD_GlobalVariableDefs.obj (CpuTimer0RegsFile)

CpuTimer1RegsFile 
*          1    00000c08    00000008     UNINITIALIZED
                  00000c08    00000008     F2837xD_GlobalVariableDefs.obj (CpuTimer1RegsFile)

CpuTimer2RegsFile 
*          1    00000c10    00000008     UNINITIALIZED
                  00000c10    00000008     F2837xD_GlobalVariableDefs.obj (CpuTimer2RegsFile)

PieCtrlRegsFile 
*          1    00000ce0    0000001a     UNINITIALIZED
                  00000ce0    0000001a     F2837xD_GlobalVariableDefs.obj (PieCtrlRegsFile)

PieVectTableFile 
*          1    00000d00    000001c0     UNINITIALIZED
                  00000d00    000001c0     F2837xD_GlobalVariableDefs.obj (PieVectTableFile)

EmuBModeVar 
*          1    00000d00    00000001     UNINITIALIZED
                  00000d00    00000001     F2837xD_GlobalVariableDefs.obj (EmuBModeVar)

EmuBootPinsVar 
*          1    00000d01    00000001     UNINITIALIZED
                  00000d01    00000001     F2837xD_GlobalVariableDefs.obj (EmuBootPinsVar)

DmaRegsFile 
*          1    00001000    000000e0     UNINITIALIZED
                  00001000    000000e0     F2837xD_GlobalVariableDefs.obj (DmaRegsFile)

Cla1RegsFile 
*          1    00001400    0000003e     UNINITIALIZED
                  00001400    0000003e     F2837xD_GlobalVariableDefs.obj (Cla1RegsFile)

EPwm1RegsFile 
*          1    00004000    00000100     UNINITIALIZED
                  00004000    00000100     F2837xD_GlobalVariableDefs.obj (EPwm1RegsFile)

EPwm2RegsFile 
*          1    00004100    00000100     UNINITIALIZED
                  00004100    00000100     F2837xD_GlobalVariableDefs.obj (EPwm2RegsFile)

EPwm3RegsFile 
*          1    00004200    00000100     UNINITIALIZED
                  00004200    00000100     F2837xD_GlobalVariableDefs.obj (EPwm3RegsFile)

EPwm4RegsFile 
*          1    00004300    00000100     UNINITIALIZED
                  00004300    00000100     F2837xD_GlobalVariableDefs.obj (EPwm4RegsFile)

EPwm5RegsFile 
*          1    00004400    00000100     UNINITIALIZED
                  00004400    00000100     F2837xD_GlobalVariableDefs.obj (EPwm5RegsFile)

EPwm6RegsFile 
*          1    00004500    00000100     UNINITIALIZED
                  00004500    00000100     F2837xD_GlobalVariableDefs.obj (EPwm6RegsFile)

EPwm7RegsFile 
*          1    00004600    00000100     UNINITIALIZED
                  00004600    00000100     F2837xD_GlobalVariableDefs.obj (EPwm7RegsFile)

EPwm8RegsFile 
*          1    00004700    00000100     UNINITIALIZED
                  00004700    00000100     F2837xD_GlobalVariableDefs.obj (EPwm8RegsFile)

EPwm9RegsFile 
*          1    00004800    00000100     UNINITIALIZED
                  00004800    00000100     F2837xD_GlobalVariableDefs.obj (EPwm9RegsFile)

EPwm10RegsFile 
*          1    00004900    00000100     UNINITIALIZED
                  00004900    00000100     F2837xD_GlobalVariableDefs.obj (EPwm10RegsFile)

EPwm11RegsFile 
*          1    00004a00    00000100     UNINITIALIZED
                  00004a00    00000100     F2837xD_GlobalVariableDefs.obj (EPwm11RegsFile)

EPwm12RegsFile 
*          1    00004b00    00000100     UNINITIALIZED
                  00004b00    00000100     F2837xD_GlobalVariableDefs.obj (EPwm12RegsFile)

ECap1RegsFile 
*          1    00005000    00000020     UNINITIALIZED
                  00005000    00000020     F2837xD_GlobalVariableDefs.obj (ECap1RegsFile)

ECap2RegsFile 
*          1    00005020    00000020     UNINITIALIZED
                  00005020    00000020     F2837xD_GlobalVariableDefs.obj (ECap2RegsFile)

ECap3RegsFile 
*          1    00005040    00000020     UNINITIALIZED
                  00005040    00000020     F2837xD_GlobalVariableDefs.obj (ECap3RegsFile)

ECap4RegsFile 
*          1    00005060    00000020     UNINITIALIZED
                  00005060    00000020     F2837xD_GlobalVariableDefs.obj (ECap4RegsFile)

ECap5RegsFile 
*          1    00005080    00000020     UNINITIALIZED
                  00005080    00000020     F2837xD_GlobalVariableDefs.obj (ECap5RegsFile)

ECap6RegsFile 
*          1    000050a0    00000020     UNINITIALIZED
                  000050a0    00000020     F2837xD_GlobalVariableDefs.obj (ECap6RegsFile)

EQep1RegsFile 
*          1    00005100    00000022     UNINITIALIZED
                  00005100    00000022     F2837xD_GlobalVariableDefs.obj (EQep1RegsFile)

EQep2RegsFile 
*          1    00005140    00000022     UNINITIALIZED
                  00005140    00000022     F2837xD_GlobalVariableDefs.obj (EQep2RegsFile)

EQep3RegsFile 
*          1    00005180    00000022     UNINITIALIZED
                  00005180    00000022     F2837xD_GlobalVariableDefs.obj (EQep3RegsFile)

DacaRegsFile 
*          1    00005c00    00000008     UNINITIALIZED
                  00005c00    00000008     F2837xD_GlobalVariableDefs.obj (DacaRegsFile)

DacbRegsFile 
*          1    00005c10    00000008     UNINITIALIZED
                  00005c10    00000008     F2837xD_GlobalVariableDefs.obj (DacbRegsFile)

DaccRegsFile 
*          1    00005c20    00000008     UNINITIALIZED
                  00005c20    00000008     F2837xD_GlobalVariableDefs.obj (DaccRegsFile)

I2caRegsFile 
*          1    00007300    00000022     UNINITIALIZED
                  00007300    00000022     F2837xD_GlobalVariableDefs.obj (I2caRegsFile)

I2cbRegsFile 
*          1    00007340    00000022     UNINITIALIZED
                  00007340    00000022     F2837xD_GlobalVariableDefs.obj (I2cbRegsFile)

AdcaRegsFile 
*          1    00007400    00000080     UNINITIALIZED
                  00007400    00000080     F2837xD_GlobalVariableDefs.obj (AdcaRegsFile)

AdcbRegsFile 
*          1    00007480    00000080     UNINITIALIZED
                  00007480    00000080     F2837xD_GlobalVariableDefs.obj (AdcbRegsFile)

AdccRegsFile 
*          1    00007500    00000080     UNINITIALIZED
                  00007500    00000080     F2837xD_GlobalVariableDefs.obj (AdccRegsFile)

AdcdRegsFile 
*          1    00007580    00000080     UNINITIALIZED
                  00007580    00000080     F2837xD_GlobalVariableDefs.obj (AdcdRegsFile)

CanaRegsFile 
*          1    00048000    00000164     UNINITIALIZED
                  00048000    00000164     F2837xD_GlobalVariableDefs.obj (CanaRegsFile)

CanbRegsFile 
*          1    0004a000    00000164     UNINITIALIZED
                  0004a000    00000164     F2837xD_GlobalVariableDefs.obj (CanbRegsFile)

AnalogSubsysRegsFile 
*          1    0005d180    00000048     UNINITIALIZED
                  0005d180    00000048     F2837xD_GlobalVariableDefs.obj (AnalogSubsysRegsFile)

Cla1SoftIntRegsFile 
*          1    00000ce0    00000004     DSECT
                  00000ce0    00000004     F2837xD_GlobalVariableDefs.obj (Cla1SoftIntRegsFile)

Cmpss1RegsFile 
*          1    00005c80    00000020     UNINITIALIZED
                  00005c80    00000020     F2837xD_GlobalVariableDefs.obj (Cmpss1RegsFile)

Cmpss2RegsFile 
*          1    00005ca0    00000020     UNINITIALIZED
                  00005ca0    00000020     F2837xD_GlobalVariableDefs.obj (Cmpss2RegsFile)

Cmpss3RegsFile 
*          1    00005cc0    00000020     UNINITIALIZED
                  00005cc0    00000020     F2837xD_GlobalVariableDefs.obj (Cmpss3RegsFile)

Cmpss4RegsFile 
*          1    00005ce0    00000020     UNINITIALIZED
                  00005ce0    00000020     F2837xD_GlobalVariableDefs.obj (Cmpss4RegsFile)

Cmpss5RegsFile 
*          1    00005d00    00000020     UNINITIALIZED
                  00005d00    00000020     F2837xD_GlobalVariableDefs.obj (Cmpss5RegsFile)

Cmpss6RegsFile 
*          1    00005d20    00000020     UNINITIALIZED
                  00005d20    00000020     F2837xD_GlobalVariableDefs.obj (Cmpss6RegsFile)

Cmpss7RegsFile 
*          1    00005d40    00000020     UNINITIALIZED
                  00005d40    00000020     F2837xD_GlobalVariableDefs.obj (Cmpss7RegsFile)

Cmpss8RegsFile 
*          1    00005d60    00000020     UNINITIALIZED
                  00005d60    00000020     F2837xD_GlobalVariableDefs.obj (Cmpss8RegsFile)

Sdfm1RegsFile 
*          1    00005e00    00000080     UNINITIALIZED
                  00005e00    00000080     F2837xD_GlobalVariableDefs.obj (Sdfm1RegsFile)

Sdfm2RegsFile 
*          1    00005e80    00000080     UNINITIALIZED
                  00005e80    00000080     F2837xD_GlobalVariableDefs.obj (Sdfm2RegsFile)

McbspaRegsFile 
*          1    00006000    00000024     UNINITIALIZED
                  00006000    00000024     F2837xD_GlobalVariableDefs.obj (McbspaRegsFile)

McbspbRegsFile 
*          1    00006040    00000024     UNINITIALIZED
                  00006040    00000024     F2837xD_GlobalVariableDefs.obj (McbspbRegsFile)

SpiaRegsFile 
*          1    00006100    00000010     UNINITIALIZED
                  00006100    00000010     F2837xD_GlobalVariableDefs.obj (SpiaRegsFile)

SpibRegsFile 
*          1    00006110    00000010     UNINITIALIZED
                  00006110    00000010     F2837xD_GlobalVariableDefs.obj (SpibRegsFile)

SpicRegsFile 
*          1    00006120    00000010     UNINITIALIZED
                  00006120    00000010     F2837xD_GlobalVariableDefs.obj (SpicRegsFile)

UppRegsFile 
*          1    00006200    00000048     UNINITIALIZED
                  00006200    00000048     F2837xD_GlobalVariableDefs.obj (UppRegsFile)

WdRegsFile 
*          1    00007000    0000002b     UNINITIALIZED
                  00007000    0000002b     F2837xD_GlobalVariableDefs.obj (WdRegsFile)

NmiIntruptRegsFile 
*          1    00007060    00000007     UNINITIALIZED
                  00007060    00000007     F2837xD_GlobalVariableDefs.obj (NmiIntruptRegsFile)

XintRegsFile 
*          1    00007070    0000000b     UNINITIALIZED
                  00007070    0000000b     F2837xD_GlobalVariableDefs.obj (XintRegsFile)

SciaRegsFile 
*          1    00007200    00000010     UNINITIALIZED
                  00007200    00000010     F2837xD_GlobalVariableDefs.obj (SciaRegsFile)

ScibRegsFile 
*          1    00007210    00000010     UNINITIALIZED
                  00007210    00000010     F2837xD_GlobalVariableDefs.obj (ScibRegsFile)

ScicRegsFile 
*          1    00007220    00000010     UNINITIALIZED
                  00007220    00000010     F2837xD_GlobalVariableDefs.obj (ScicRegsFile)

ScidRegsFile 
*          1    00007230    00000010     UNINITIALIZED
                  00007230    00000010     F2837xD_GlobalVariableDefs.obj (ScidRegsFile)

InputXbarRegsFile 
*          1    00007900    00000020     UNINITIALIZED
                  00007900    00000020     F2837xD_GlobalVariableDefs.obj (InputXbarRegsFile)

XbarRegsFile 
*          1    00007920    00000020     UNINITIALIZED
                  00007920    00000020     F2837xD_GlobalVariableDefs.obj (XbarRegsFile)

SyncSocRegsFile 
*          1    00007940    00000006     UNINITIALIZED
                  00007940    00000006     F2837xD_GlobalVariableDefs.obj (SyncSocRegsFile)

DmaClaSrcSelRegsFile 
*          1    00007980    0000001a     UNINITIALIZED
                  00007980    0000001a     F2837xD_GlobalVariableDefs.obj (DmaClaSrcSelRegsFile)

EPwmXbarRegsFile 
*          1    00007a00    00000040     UNINITIALIZED
                  00007a00    00000040     F2837xD_GlobalVariableDefs.obj (EPwmXbarRegsFile)

OutputXbarRegsFile 
*          1    00007a80    00000040     UNINITIALIZED
                  00007a80    00000040     F2837xD_GlobalVariableDefs.obj (OutputXbarRegsFile)

GpioCtrlRegsFile 
*          1    00007c00    00000180     UNINITIALIZED
                  00007c00    00000180     F2837xD_GlobalVariableDefs.obj (GpioCtrlRegsFile)

GpioDataRegsFile 
*          1    00007f00    00000030     UNINITIALIZED
                  00007f00    00000030     F2837xD_GlobalVariableDefs.obj (GpioDataRegsFile)

Emif1RegsFile 
*          1    00047000    00000070     UNINITIALIZED
                  00047000    00000070     F2837xD_GlobalVariableDefs.obj (Emif1RegsFile)

Emif2RegsFile 
*          1    00047800    00000070     UNINITIALIZED
                  00047800    00000070     F2837xD_GlobalVariableDefs.obj (Emif2RegsFile)

IpcRegsFile 
*          1    00050000    00000024     UNINITIALIZED
                  00050000    00000024     F2837xD_GlobalVariableDefs.obj (IpcRegsFile)

FlashPumpSemaphoreRegsFile 
*          1    00050024    00000002     UNINITIALIZED
                  00050024    00000002     F2837xD_GlobalVariableDefs.obj (FlashPumpSemaphoreRegsFile)

RomPrefetchRegsFile 
*          1    0005e608    00000002     UNINITIALIZED
                  0005e608    00000002     F2837xD_GlobalVariableDefs.obj (RomPrefetchRegsFile)

DcsmZ1RegsFile 
*          1    0005f000    00000024     UNINITIALIZED
                  0005f000    00000024     F2837xD_GlobalVariableDefs.obj (DcsmZ1RegsFile)

DcsmZ2RegsFile 
*          1    0005f040    00000024     UNINITIALIZED
                  0005f040    00000024     F2837xD_GlobalVariableDefs.obj (DcsmZ2RegsFile)

DcsmCommonRegsFile 
*          1    0005f070    00000008     UNINITIALIZED
                  0005f070    00000008     F2837xD_GlobalVariableDefs.obj (DcsmCommonRegsFile)

MemCfgRegsFile 
*          1    0005f400    00000080     UNINITIALIZED
                  0005f400    00000080     F2837xD_GlobalVariableDefs.obj (MemCfgRegsFile)

Emif1ConfigRegsFile 
*          1    0005f480    00000020     UNINITIALIZED
                  0005f480    00000020     F2837xD_GlobalVariableDefs.obj (Emif1ConfigRegsFile)

Emif2ConfigRegsFile 
*          1    0005f4a0    00000020     UNINITIALIZED
                  0005f4a0    00000020     F2837xD_GlobalVariableDefs.obj (Emif2ConfigRegsFile)

AccessProtectionRegsFile 
*          1    0005f4c0    00000040     UNINITIALIZED
                  0005f4c0    00000040     F2837xD_GlobalVariableDefs.obj (AccessProtectionRegsFile)

MemoryErrorRegsFile 
*          1    0005f500    00000040     UNINITIALIZED
                  0005f500    00000040     F2837xD_GlobalVariableDefs.obj (MemoryErrorRegsFile)

RomWaitStateRegsFile 
*          1    0005f540    00000002     UNINITIALIZED
                  0005f540    00000002     F2837xD_GlobalVariableDefs.obj (RomWaitStateRegsFile)

Flash0CtrlRegsFile 
*          1    0005f800    00000182     UNINITIALIZED
                  0005f800    00000182     F2837xD_GlobalVariableDefs.obj (Flash0CtrlRegsFile)

Flash0EccRegsFile 
*          1    0005fb00    00000028     UNINITIALIZED
                  0005fb00    00000028     F2837xD_GlobalVariableDefs.obj (Flash0EccRegsFile)

DevCfgRegsFile 
*          1    0005d000    0000012e     UNINITIALIZED
                  0005d000    0000012e     F2837xD_GlobalVariableDefs.obj (DevCfgRegsFile)

ClkCfgRegsFile 
*          1    0005d200    00000032     UNINITIALIZED
                  0005d200    00000032     F2837xD_GlobalVariableDefs.obj (ClkCfgRegsFile)

CpuSysRegsFile 
*          1    0005d300    00000082     UNINITIALIZED
                  0005d300    00000082     F2837xD_GlobalVariableDefs.obj (CpuSysRegsFile)

.text      0    00082070    000017ac     
                  00082070    00000585     F2837xD_DefaultISR.obj (.text:retain)
                  000825f5    000004dc     F2837xD_SysCtrl.obj (.text)
                  00082ad1    000001fd     rts2800_fpu32.lib : strtod.c.obj (.text)
                  00082cce    000001cb     F2837xD_Gpio.obj (.text)
                  00082e99    00000001     rts2800_fpu32.lib : _lock.c.obj (.text)
                  00082e9a    000001bd     action.obj (.text)
                  00083057    000001b8     doublefuruta.obj (.text)
                  0008320f    000001a6     statemachine.obj (.text)
                  000833b5    0000013f     F2837xD_EPwm.obj (.text)
                  000834f4    00000088     rts2800_fpu32.lib : fs_div28.asm.obj (.text)
                  0008357c    00000060                       : s_scalbnf.c.obj (.text)
                  000835dc    00000057                       : s_floorf.c.obj (.text)
                  00083633    00000056                       : boot28.asm.obj (.text)
                  00083689    00000052     doublefuruta.obj (.text:retain)
                  000836db    00000035     rts2800_fpu32.lib : strtok.c.obj (.text)
                  00083710    00000034                       : s_roundf.c.obj (.text)
                  00083744    00000029                       : exit.c.obj (.text)
                  0008376d    00000028     F2837xD_PieCtrl.obj (.text)
                  00083795    00000024     rts2800_fpu32.lib : cpy_tbl.c.obj (.text)
                  000837b9    0000001e                       : memcpy.c.obj (.text)
                  000837d7    00000019                       : args_main.c.obj (.text)
                  000837f0    00000018                       : ll_aox28.asm.obj (.text)
                  00083808    00000011     F2837xD_PieVect.obj (.text)
                  00083819    00000002     rts2800_fpu32.lib : pre_init.c.obj (.text)
                  0008381b    00000001                       : startup.c.obj (.text)

.ebss      1    0000a800    00000088     UNINITIALIZED
                  0000a800    00000040     rts2800_fpu32.lib : signal.c.obj (.ebss)
                  0000a840    00000028     action.obj (.ebss)
                  0000a868    00000010     doublefuruta.obj (.ebss)
                  0000a878    00000006     rts2800_fpu32.lib : exit.c.obj (.ebss)
                  0000a87e    00000002                       : _lock.c.obj (.ebss:__lock)
                  0000a880    00000003                       : ti_fenv.c.obj (.ebss)
                  0000a883    00000001                       : errno.c.obj (.ebss)
                  0000a884    00000002                       : _lock.c.obj (.ebss:__unlock)
                  0000a886    00000002                       : strtok.c.obj (.ebss)

MODULE SUMMARY

       Module                                   code   initialized data   uninitialized data
       ------                                   ----   ----------------   ------------------
    .\
       F2837xD_GlobalVariableDefs.obj           0      0                  8695              
       F2837xD_DefaultISR.obj                   1413   0                  0                 
       F2837xD_SysCtrl.obj                      1388   0                  0                 
       doublefuruta.obj                         522    15                 16                
       action.obj                               445    6                  40                
       F2837xD_PieVect.obj                      17     448                0                 
       F2837xD_Gpio.obj                         459    0                  0                 
       statemachine.obj                         422    0                  0                 
       F2837xD_EPwm.obj                         319    0                  0                 
       F2837xD_PieCtrl.obj                      40     0                  0                 
       F2837xD_usDelay.obj                      8      0                  0                 
       F2837xD_CodeStartBranch.obj              2      0                  0                 
    +--+----------------------------------------+------+------------------+--------------------+
       Total:                                   5035   469                8751              
                                                                                            
    C:\Users\Samvrit\AppData\Local\Temp\
       {3896D42B-9BBF-43FE-9DFE-5B328DDB019B}   0      86                 0                 
    +--+----------------------------------------+------+------------------+--------------------+
       Total:                                   0      86                 0                 
                                                                                            
    S:/ti/ccsv8/tools/compiler/ti-cgt-c2000_18.1.1.LTS/lib/rts2800_fpu32.lib
       strtod.c.obj                             509    44                 0                 
       ctype.c.obj                              0      257                0                 
       fs_div28.asm.obj                         136    0                  0                 
       s_scalbnf.c.obj                          96     0                  0                 
       s_floorf.c.obj                           87     0                  0                 
       boot28.asm.obj                           86     0                  0                 
       signal.c.obj                             0      0                  64                
       exit.c.obj                               41     14                 6                 
       strtok.c.obj                             53     0                  2                 
       s_roundf.c.obj                           52     0                  0                 
       cpy_tbl.c.obj                            36     0                  0                 
       memcpy.c.obj                             30     0                  0                 
       args_main.c.obj                          25     0                  0                 
       ll_aox28.asm.obj                         24     0                  0                 
       _lock.c.obj                              1      0                  4                 
       ti_fenv.c.obj                            0      0                  3                 
       pre_init.c.obj                           2      0                  0                 
       errno.c.obj                              0      0                  1                 
       startup.c.obj                            1      0                  0                 
    +--+----------------------------------------+------+------------------+--------------------+
       Total:                                   1179   315                80                
                                                                                            
       Stack:                                   0      0                  256               
    +--+----------------------------------------+------+------------------+--------------------+
       Grand Total:                             6214   870                9087              


GLOBAL DATA SYMBOLS: SORTED BY DATA PAGE

address     data page           name
--------    ----------------    ----
00000400      10 (00000400)     __stack

00000b00      2c (00000b00)     _AdcaResultRegs
00000b20      2c (00000b00)     _AdcbResultRegs

00000b40      2d (00000b40)     _AdccResultRegs
00000b60      2d (00000b40)     _AdcdResultRegs

00000c00      30 (00000c00)     _CpuTimer0Regs
00000c08      30 (00000c00)     _CpuTimer1Regs
00000c10      30 (00000c00)     _CpuTimer2Regs

00000ce0      33 (00000cc0)     _Cla1SoftIntRegs
00000ce0      33 (00000cc0)     _PieCtrlRegs

00000d00      34 (00000d00)     _EmuBMode
00000d00      34 (00000d00)     _PieVectTable
00000d01      34 (00000d00)     _EmuBootPins

00001000      40 (00001000)     _DmaRegs

00001400      50 (00001400)     _Cla1Regs

00004000     100 (00004000)     _EPwm1Regs

00004100     104 (00004100)     _EPwm2Regs

00004200     108 (00004200)     _EPwm3Regs

00004300     10c (00004300)     _EPwm4Regs

00004400     110 (00004400)     _EPwm5Regs

00004500     114 (00004500)     _EPwm6Regs

00004600     118 (00004600)     _EPwm7Regs

00004700     11c (00004700)     _EPwm8Regs

00004800     120 (00004800)     _EPwm9Regs

00004900     124 (00004900)     _EPwm10Regs

00004a00     128 (00004a00)     _EPwm11Regs

00004b00     12c (00004b00)     _EPwm12Regs

00005000     140 (00005000)     _ECap1Regs
00005020     140 (00005000)     _ECap2Regs

00005040     141 (00005040)     _ECap3Regs
00005060     141 (00005040)     _ECap4Regs

00005080     142 (00005080)     _ECap5Regs
000050a0     142 (00005080)     _ECap6Regs

00005100     144 (00005100)     _EQep1Regs

00005140     145 (00005140)     _EQep2Regs

00005180     146 (00005180)     _EQep3Regs

00005c00     170 (00005c00)     _DacaRegs
00005c10     170 (00005c00)     _DacbRegs
00005c20     170 (00005c00)     _DaccRegs

00005c80     172 (00005c80)     _Cmpss1Regs
00005ca0     172 (00005c80)     _Cmpss2Regs

00005cc0     173 (00005cc0)     _Cmpss3Regs
00005ce0     173 (00005cc0)     _Cmpss4Regs

00005d00     174 (00005d00)     _Cmpss5Regs
00005d20     174 (00005d00)     _Cmpss6Regs

00005d40     175 (00005d40)     _Cmpss7Regs
00005d60     175 (00005d40)     _Cmpss8Regs

00005e00     178 (00005e00)     _Sdfm1Regs

00005e80     17a (00005e80)     _Sdfm2Regs

00006000     180 (00006000)     _McbspaRegs

00006040     181 (00006040)     _McbspbRegs

00006100     184 (00006100)     _SpiaRegs
00006110     184 (00006100)     _SpibRegs
00006120     184 (00006100)     _SpicRegs

00006200     188 (00006200)     _UppRegs

00007000     1c0 (00007000)     _WdRegs

00007060     1c1 (00007040)     _NmiIntruptRegs
00007070     1c1 (00007040)     _XintRegs

00007200     1c8 (00007200)     _SciaRegs
00007210     1c8 (00007200)     _ScibRegs
00007220     1c8 (00007200)     _ScicRegs
00007230     1c8 (00007200)     _ScidRegs

00007300     1cc (00007300)     _I2caRegs

00007340     1cd (00007340)     _I2cbRegs

00007400     1d0 (00007400)     _AdcaRegs

00007480     1d2 (00007480)     _AdcbRegs

00007500     1d4 (00007500)     _AdccRegs

00007580     1d6 (00007580)     _AdcdRegs

00007900     1e4 (00007900)     _InputXbarRegs
00007920     1e4 (00007900)     _XbarRegs

00007940     1e5 (00007940)     _SyncSocRegs

00007980     1e6 (00007980)     _DmaClaSrcSelRegs

00007a00     1e8 (00007a00)     _EPwmXbarRegs

00007a80     1ea (00007a80)     _OutputXbarRegs

00007c00     1f0 (00007c00)     _GpioCtrlRegs

00007f00     1fc (00007f00)     _GpioDataRegs

0000a840     2a1 (0000a840)     _duty_cycle
0000a842     2a1 (0000a840)     _u
0000a844     2a1 (0000a840)     _K_compliant
0000a850     2a1 (0000a840)     _K_updown
0000a85c     2a1 (0000a840)     _K_balance
0000a868     2a1 (0000a840)     _LoopCount
0000a869     2a1 (0000a840)     _pwm_active
0000a86a     2a1 (0000a840)     _state
0000a86c     2a1 (0000a840)     _x
0000a878     2a1 (0000a840)     ___TI_enable_exit_profile_output
0000a87a     2a1 (0000a840)     ___TI_cleanup_ptr
0000a87c     2a1 (0000a840)     ___TI_dtors_ptr
0000a87e     2a1 (0000a840)     __lock

0000a880     2a2 (0000a880)     ___softfloat_float_rounding_mode
0000a881     2a2 (0000a880)     ___softfloat_float_exception_mask
0000a882     2a2 (0000a880)     ___softfloat_float_exception_flags
0000a883     2a2 (0000a880)     _errno
0000a884     2a2 (0000a880)     __unlock

00047000    11c0 (00047000)     _Emif1Regs

00047800    11e0 (00047800)     _Emif2Regs

00048000    1200 (00048000)     _CanaRegs

0004a000    1280 (0004a000)     _CanbRegs

00050000    1400 (00050000)     _IpcRegs
00050024    1400 (00050000)     _FlashPumpSemaphoreRegs

0005d000    1740 (0005d000)     _DevCfgRegs

0005d180    1746 (0005d180)     _AnalogSubsysRegs

0005d200    1748 (0005d200)     _ClkCfgRegs

0005d300    174c (0005d300)     _CpuSysRegs

0005e608    1798 (0005e600)     _RomPrefetchRegs

0005f000    17c0 (0005f000)     _DcsmZ1Regs

0005f040    17c1 (0005f040)     _DcsmZ2Regs
0005f070    17c1 (0005f040)     _DcsmCommonRegs

0005f400    17d0 (0005f400)     _MemCfgRegs

0005f480    17d2 (0005f480)     _Emif1ConfigRegs
0005f4a0    17d2 (0005f480)     _Emif2ConfigRegs

0005f4c0    17d3 (0005f4c0)     _AccessProtectionRegs

0005f500    17d4 (0005f500)     _MemoryErrorRegs

0005f540    17d5 (0005f540)     _RomWaitStateRegs

0005f800    17e0 (0005f800)     _Flash0CtrlRegs

0005fb00    17ec (0005fb00)     _Flash0EccRegs

00090000    2400 (00090000)     _PieVectTableInit

000901c0    2407 (000901c0)     __ctypes_

000902ee    240b (000902c0)     _sw_const
000902f0    240b (000902c0)     _beta
000902f2    240b (000902c0)     _alpha
000902f4    240b (000902c0)     _EPWM1_TIMER_TBPRD
000902f6    240b (000902c0)     _MAX_TORQUE


GLOBAL SYMBOLS: SORTED ALPHABETICALLY BY Name 

page  address   name                                  
----  -------   ----                                  
abs   ffffffff  .text                                 
0     00083744  C$$EXIT                               
0     000834f4  FS$$DIV                               
0     000837f0  LL$$AND                               
0     000837f8  LL$$OR                                
0     00083800  LL$$XOR                               
0     000825eb  _ADCA1_ISR                            
0     000825e1  _ADCA2_ISR                            
0     000825d7  _ADCA3_ISR                            
0     000825cd  _ADCA4_ISR                            
0     000825c3  _ADCA_EVT_ISR                         
0     000825b9  _ADCB1_ISR                            
0     000825af  _ADCB2_ISR                            
0     000825a5  _ADCB3_ISR                            
0     0008259b  _ADCB4_ISR                            
0     00082591  _ADCB_EVT_ISR                         
0     00082587  _ADCC1_ISR                            
0     0008257d  _ADCC2_ISR                            
0     00082573  _ADCC3_ISR                            
0     00082569  _ADCC4_ISR                            
0     0008255f  _ADCC_EVT_ISR                         
0     00082555  _ADCD1_ISR                            
0     0008254b  _ADCD2_ISR                            
0     00082541  _ADCD3_ISR                            
0     00082537  _ADCD4_ISR                            
0     0008252d  _ADCD_EVT_ISR                         
0     00082523  _AUX_PLL_SLIP_ISR                     
1     0005f4c0  _AccessProtectionRegs                 
1     00007400  _AdcaRegs                             
1     00000b00  _AdcaResultRegs                       
1     00007480  _AdcbRegs                             
1     00000b20  _AdcbResultRegs                       
1     00007500  _AdccRegs                             
1     00000b40  _AdccResultRegs                       
1     00007580  _AdcdRegs                             
1     00000b60  _AdcdResultRegs                       
1     0005d180  _AnalogSubsysRegs                     
0     00082936  _AuxAuxClkSel                         
0     00082951  _AuxIntOsc2Sel                        
0     00082940  _AuxXtalOscSel                        
0     00082519  _CANA0_ISR                            
0     0008250f  _CANA1_ISR                            
0     00082505  _CANB0_ISR                            
0     000824fb  _CANB1_ISR                            
0     000824f1  _CLA1_1_ISR                           
0     000824e7  _CLA1_2_ISR                           
0     000824dd  _CLA1_3_ISR                           
0     000824d3  _CLA1_4_ISR                           
0     000824c9  _CLA1_5_ISR                           
0     000824bf  _CLA1_6_ISR                           
0     000824b5  _CLA1_7_ISR                           
0     000824ab  _CLA1_8_ISR                           
0     000824a1  _CLA_OVERFLOW_ISR                     
0     00082497  _CLA_UNDERFLOW_ISR                    
1     00048000  _CanaRegs                             
1     0004a000  _CanbRegs                             
1     00001400  _Cla1Regs                             
0     00000ce0  _Cla1SoftIntRegs                      
1     0005d200  _ClkCfgRegs                           
1     00005c80  _Cmpss1Regs                           
1     00005ca0  _Cmpss2Regs                           
1     00005cc0  _Cmpss3Regs                           
1     00005ce0  _Cmpss4Regs                           
1     00005d00  _Cmpss5Regs                           
1     00005d20  _Cmpss6Regs                           
1     00005d40  _Cmpss7Regs                           
1     00005d60  _Cmpss8Regs                           
1     0005d300  _CpuSysRegs                           
1     00000c00  _CpuTimer0Regs                        
1     00000c08  _CpuTimer1Regs                        
1     00000c10  _CpuTimer2Regs                        
0     00082ab0  _CsmUnlock                            
0     0008248d  _DATALOG_ISR                          
0     00082483  _DMA_CH1_ISR                          
0     00082479  _DMA_CH2_ISR                          
0     0008246f  _DMA_CH3_ISR                          
0     00082465  _DMA_CH4_ISR                          
0     0008245b  _DMA_CH5_ISR                          
0     00082451  _DMA_CH6_ISR                          
1     00005c00  _DacaRegs                             
1     00005c10  _DacbRegs                             
1     00005c20  _DaccRegs                             
1     0005f070  _DcsmCommonRegs                       
1     0005f000  _DcsmZ1Regs                           
1     0005f040  _DcsmZ2Regs                           
1     0005d000  _DevCfgRegs                           
0     0008283c  _DisableDog                           
0     00082a5b  _DisablePeripheralClocks              
1     00007980  _DmaClaSrcSelRegs                     
1     00001000  _DmaRegs                              
0     00082447  _ECAP1_ISR                            
0     0008243d  _ECAP2_ISR                            
0     00082433  _ECAP3_ISR                            
0     00082429  _ECAP4_ISR                            
0     0008241f  _ECAP5_ISR                            
0     00082415  _ECAP6_ISR                            
1     00005000  _ECap1Regs                            
1     00005020  _ECap2Regs                            
1     00005040  _ECap3Regs                            
1     00005060  _ECap4Regs                            
1     00005080  _ECap5Regs                            
1     000050a0  _ECap6Regs                            
0     0008240b  _EMIF_ERROR_ISR                       
0     000823fe  _EMPTY_ISR                            
0     000823f4  _EMU_ISR                              
0     000823ea  _EPWM10_ISR                           
0     000823e0  _EPWM10_TZ_ISR                        
0     000823d6  _EPWM11_ISR                           
0     000823cc  _EPWM11_TZ_ISR                        
0     000823c2  _EPWM12_ISR                           
0     000823b8  _EPWM12_TZ_ISR                        
0     000823ae  _EPWM1_ISR                            
0     000902f4  _EPWM1_TIMER_TBPRD                    
0     000823a4  _EPWM1_TZ_ISR                         
0     0008239a  _EPWM2_ISR                            
0     00082390  _EPWM2_TZ_ISR                         
0     00082386  _EPWM3_ISR                            
0     0008237c  _EPWM3_TZ_ISR                         
0     00082372  _EPWM4_ISR                            
0     00082368  _EPWM4_TZ_ISR                         
0     0008235e  _EPWM5_ISR                            
0     00082354  _EPWM5_TZ_ISR                         
0     0008234a  _EPWM6_ISR                            
0     00082340  _EPWM6_TZ_ISR                         
0     00082336  _EPWM7_ISR                            
0     0008232c  _EPWM7_TZ_ISR                         
0     00082322  _EPWM8_ISR                            
0     00082318  _EPWM8_TZ_ISR                         
0     0008230e  _EPWM9_ISR                            
0     00082304  _EPWM9_TZ_ISR                         
1     00004900  _EPwm10Regs                           
1     00004a00  _EPwm11Regs                           
1     00004b00  _EPwm12Regs                           
1     00004000  _EPwm1Regs                            
1     00004100  _EPwm2Regs                            
1     00004200  _EPwm3Regs                            
1     00004300  _EPwm4Regs                            
1     00004400  _EPwm5Regs                            
1     00004500  _EPwm6Regs                            
1     00004600  _EPwm7Regs                            
1     00004700  _EPwm8Regs                            
1     00004800  _EPwm9Regs                            
1     00007a00  _EPwmXbarRegs                         
0     000822fa  _EQEP1_ISR                            
0     000822f0  _EQEP2_ISR                            
0     000822e6  _EQEP3_ISR                            
1     00005100  _EQep1Regs                            
1     00005140  _EQep2Regs                            
1     00005180  _EQep3Regs                            
1     0005f480  _Emif1ConfigRegs                      
1     00047000  _Emif1Regs                            
1     0005f4a0  _Emif2ConfigRegs                      
1     00047800  _Emif2Regs                            
1     00000d00  _EmuBMode                             
1     00000d01  _EmuBootPins                          
0     0008378c  _EnableInterrupts                     
0     00008048  _F28x_usDelay                         
0     000822dc  _FLASH_CORRECTABLE_ERROR_ISR          
0     000822d2  _FPU_OVERFLOW_ISR                     
0     000822c8  _FPU_UNDERFLOW_ISR                    
1     0005f800  _Flash0CtrlRegs                       
1     0005fb00  _Flash0EccRegs                        
0     00008034  _FlashOff                             
1     00050024  _FlashPumpSemaphoreRegs               
0     00082e89  _GPIO_EnableUnbondedIOPullups         
0     00082e64  _GPIO_EnableUnbondedIOPullupsFor100Pin
0     00082e4b  _GPIO_EnableUnbondedIOPullupsFor176Pin
0     00082e37  _GPIO_ReadPin                         
0     00082e15  _GPIO_SetupLock                       
0     00082dc0  _GPIO_SetupPinMux                     
0     00082d3b  _GPIO_SetupPinOptions                 
0     00082d34  _GPIO_SetupXINT1Gpio                  
0     00082d2d  _GPIO_SetupXINT2Gpio                  
0     00082d26  _GPIO_SetupXINT3Gpio                  
0     00082d1f  _GPIO_SetupXINT4Gpio                  
0     00082d18  _GPIO_SetupXINT5Gpio                  
0     00082cfe  _GPIO_WritePin                        
1     00007c00  _GpioCtrlRegs                         
1     00007f00  _GpioDataRegs                         
0     00082a97  _HALT                                 
0     00082a78  _HIB                                  
0     000822be  _I2CA_FIFO_ISR                        
0     000822b4  _I2CA_ISR                             
0     000822aa  _I2CB_FIFO_ISR                        
0     000822a0  _I2CB_ISR                             
1     00007300  _I2caRegs                             
1     00007340  _I2cbRegs                             
0     00082a52  _IDLE                                 
0     00082296  _ILLEGAL_ISR                          
0     0008228c  _IPC0_ISR                             
0     00082282  _IPC1_ISR                             
0     00082278  _IPC2_ISR                             
0     0008226e  _IPC3_ISR                             
0     0008295e  _InitAuxPll                           
0     000830af  _InitEPwm1                            
0     00083487  _InitEPwm10Gpio                       
0     000834a2  _InitEPwm11Gpio                       
0     000834be  _InitEPwm12Gpio                       
0     000833b5  _InitEPwm1Gpio                        
0     000833cb  _InitEPwm2Gpio                        
0     000833e1  _InitEPwm3Gpio                        
0     000833f9  _InitEPwm4Gpio                        
0     00083411  _InitEPwm5Gpio                        
0     00083427  _InitEPwm6Gpio                        
0     0008343d  _InitEPwm7Gpio                        
0     00083455  _InitEPwm8Gpio                        
0     0008346d  _InitEPwm9Gpio                        
0     000834db  _InitEPwmGpio                         
0     00008000  _InitFlash                            
0     00082cce  _InitGpio                             
0     00082849  _InitPeripheralClocks                 
0     0008376d  _InitPieCtrl                          
0     00083808  _InitPieVectTable                     
0     000828f2  _InitSysCtrl                          
0     0008264e  _InitSysPll                           
1     00007900  _InputXbarRegs                        
1     00050000  _IpcRegs                              
1     0000a85c  _K_balance                            
1     0000a844  _K_compliant                          
1     0000a850  _K_updown                             
1     0000a868  _LoopCount                            
0     000902f6  _MAX_TORQUE                           
0     00082264  _MCBSPA_RX_ISR                        
0     0008225a  _MCBSPA_TX_ISR                        
0     00082250  _MCBSPB_RX_ISR                        
0     00082246  _MCBSPB_TX_ISR                        
1     00006000  _McbspaRegs                           
1     00006040  _McbspbRegs                           
1     0005f400  _MemCfgRegs                           
1     0005f500  _MemoryErrorRegs                      
0     0008223c  _NMI_ISR                              
0     00082232  _NOTUSED_ISR                          
1     00007060  _NmiIntruptRegs                       
1     00007a80  _OutputXbarRegs                       
0     00082228  _PIE_RESERVED_ISR                     
1     00000ce0  _PieCtrlRegs                          
1     00000d00  _PieVectTable                         
0     00090000  _PieVectTableInit                     
0     0008221e  _RAM_ACCESS_VIOLATION_ISR             
0     00082214  _RAM_CORRECTABLE_ERROR_ISR            
0     0008220a  _RTOS_ISR                             
0     0008604c  _RamfuncsLoadEnd                      
abs   0000004c  _RamfuncsLoadSize                     
0     00086000  _RamfuncsLoadStart                    
0     0000804c  _RamfuncsRunEnd                       
abs   0000004c  _RamfuncsRunSize                      
0     00008000  _RamfuncsRunStart                     
0     00082644  _ReleaseFlashPump                     
1     0005e608  _RomPrefetchRegs                      
1     0005f540  _RomWaitStateRegs                     
0     00082200  _SCIA_RX_ISR                          
0     000821f6  _SCIA_TX_ISR                          
0     000821ec  _SCIB_RX_ISR                          
0     000821e2  _SCIB_TX_ISR                          
0     000821d8  _SCIC_RX_ISR                          
0     000821ce  _SCIC_TX_ISR                          
0     000821c4  _SCID_RX_ISR                          
0     000821ba  _SCID_TX_ISR                          
0     000821b0  _SD1_ISR                              
0     000821a6  _SD2_ISR                              
0     0008219c  _SPIA_RX_ISR                          
0     00082192  _SPIA_TX_ISR                          
0     00082188  _SPIB_RX_ISR                          
0     0008217e  _SPIB_TX_ISR                          
0     00082174  _SPIC_RX_ISR                          
0     0008216a  _SPIC_TX_ISR                          
0     00082639  _STANDBY                              
0     00082160  _SYS_PLL_SLIP_ISR                     
1     00007200  _SciaRegs                             
1     00007210  _ScibRegs                             
1     00007220  _ScicRegs                             
1     00007230  _ScidRegs                             
1     00005e00  _Sdfm1Regs                            
1     00005e80  _Sdfm2Regs                            
0     00082627  _SeizeFlashPump                       
0     00082619  _ServiceDog                           
1     00006100  _SpiaRegs                             
1     00006110  _SpibRegs                             
1     00006120  _SpicRegs                             
1     00007940  _SyncSocRegs                          
0     0008260d  _SysIntOsc1Sel                        
0     00082601  _SysIntOsc2Sel                        
0     000825f5  _SysXtalOscSel                        
0     00082156  _TIMER0_ISR                           
0     0008214c  _TIMER1_ISR                           
0     00082142  _TIMER2_ISR                           
0     00082138  _UPPA_ISR                             
0     0008212e  _USBA_ISR                             
0     00082124  _USER10_ISR                           
0     0008211a  _USER11_ISR                           
0     00082110  _USER12_ISR                           
0     00082106  _USER1_ISR                            
0     000820fc  _USER2_ISR                            
0     000820f2  _USER3_ISR                            
0     000820e8  _USER4_ISR                            
0     000820de  _USER5_ISR                            
0     000820d4  _USER6_ISR                            
0     000820ca  _USER7_ISR                            
0     000820c0  _USER8_ISR                            
0     000820b6  _USER9_ISR                            
1     00006200  _UppRegs                              
0     000820ac  _VCU_ISR                              
0     000820a2  _WAKE_ISR                             
1     00007000  _WdRegs                               
0     00082098  _XINT1_ISR                            
0     0008208e  _XINT2_ISR                            
0     00082084  _XINT3_ISR                            
0     0008207a  _XINT4_ISR                            
0     00082070  _XINT5_ISR                            
1     00007920  _XbarRegs                             
1     00007070  _XintRegs                             
1     00000500  __STACK_END                           
abs   00000100  __STACK_SIZE                          
1     0000a87a  ___TI_cleanup_ptr                     
1     0000a87c  ___TI_dtors_ptr                       
1     0000a878  ___TI_enable_exit_profile_output      
abs   ffffffff  ___TI_pprof_out_hndl                  
abs   ffffffff  ___TI_prof_data_size                  
abs   ffffffff  ___TI_prof_data_start                 
abs   ffffffff  ___binit__                            
abs   ffffffff  ___c_args__                           
0     00082000  ___cinit__                            
abs   ffffffff  ___etext__                            
abs   ffffffff  ___pinit__                            
1     0000a882  ___softfloat_float_exception_flags    
1     0000a881  ___softfloat_float_exception_mask     
1     0000a880  ___softfloat_float_rounding_mode      
abs   ffffffff  ___text__                             
0     000837d7  __args_main                           
0     000901c0  __ctypes_                             
1     0000a87e  __lock                                
0     00082e99  __nop                                 
1     00000400  __stack                               
0     0008381b  __system_post_cinit                   
0     00083819  __system_pre_init                     
1     0000a884  __unlock                              
0     00083744  _abort                                
0     00082e9a  _action                               
0     000902f2  _alpha                                
0     000902f0  _beta                                 
0     00083633  _c_int00                              
0     00083795  _copy_in                              
1     0000a840  _duty_cycle                           
1     0000a883  _errno                                
0     00083746  _exit                                 
0     000835dc  _floor                                
0     000835dc  _floorf                               
0     0008357c  _ldexp                                
0     0008357c  _ldexpf                               
0     000830e3  _main                                 
0     000837b9  _memcpy                               
1     0000a869  _pwm_active                           
0     00083710  _round                                
0     00083710  _roundf                               
0     0008357c  _scalbn                               
0     0008357c  _scalbnf                              
0     0008309d  _scia_echoback_init                   
0     00083095  _scia_fifo_init                       
0     0008308a  _scia_msg                             
0     00083083  _scia_xmit                            
0     00083071  _scib_echoback_init                   
0     00083069  _scib_fifo_init                       
0     0008305e  _scib_msg                             
0     00083057  _scib_xmit                            
1     0000a86a  _state                                
0     0008320f  _statemachine                         
0     00082ad1  _strtod                               
0     00082ad1  _strtof                               
0     000836db  _strtok                               
0     000902ee  _sw_const                             
1     0000a842  _u                                    
1     0000a86c  _x                                    
0     000836a8  _xint1_isr                            
0     00083689  _xint2_isr                            
abs   ffffffff  binit                                 
0     00082000  cinit                                 
0     00080000  code_start                            
abs   ffffffff  etext                                 
abs   ffffffff  pinit                                 


GLOBAL SYMBOLS: SORTED BY Symbol Address 

page  address   name                                  
----  -------   ----                                  
0     00000ce0  _Cla1SoftIntRegs                      
0     00008000  _InitFlash                            
0     00008000  _RamfuncsRunStart                     
0     00008034  _FlashOff                             
0     00008048  _F28x_usDelay                         
0     0000804c  _RamfuncsRunEnd                       
0     00080000  code_start                            
0     00082000  ___cinit__                            
0     00082000  cinit                                 
0     00082070  _XINT5_ISR                            
0     0008207a  _XINT4_ISR                            
0     00082084  _XINT3_ISR                            
0     0008208e  _XINT2_ISR                            
0     00082098  _XINT1_ISR                            
0     000820a2  _WAKE_ISR                             
0     000820ac  _VCU_ISR                              
0     000820b6  _USER9_ISR                            
0     000820c0  _USER8_ISR                            
0     000820ca  _USER7_ISR                            
0     000820d4  _USER6_ISR                            
0     000820de  _USER5_ISR                            
0     000820e8  _USER4_ISR                            
0     000820f2  _USER3_ISR                            
0     000820fc  _USER2_ISR                            
0     00082106  _USER1_ISR                            
0     00082110  _USER12_ISR                           
0     0008211a  _USER11_ISR                           
0     00082124  _USER10_ISR                           
0     0008212e  _USBA_ISR                             
0     00082138  _UPPA_ISR                             
0     00082142  _TIMER2_ISR                           
0     0008214c  _TIMER1_ISR                           
0     00082156  _TIMER0_ISR                           
0     00082160  _SYS_PLL_SLIP_ISR                     
0     0008216a  _SPIC_TX_ISR                          
0     00082174  _SPIC_RX_ISR                          
0     0008217e  _SPIB_TX_ISR                          
0     00082188  _SPIB_RX_ISR                          
0     00082192  _SPIA_TX_ISR                          
0     0008219c  _SPIA_RX_ISR                          
0     000821a6  _SD2_ISR                              
0     000821b0  _SD1_ISR                              
0     000821ba  _SCID_TX_ISR                          
0     000821c4  _SCID_RX_ISR                          
0     000821ce  _SCIC_TX_ISR                          
0     000821d8  _SCIC_RX_ISR                          
0     000821e2  _SCIB_TX_ISR                          
0     000821ec  _SCIB_RX_ISR                          
0     000821f6  _SCIA_TX_ISR                          
0     00082200  _SCIA_RX_ISR                          
0     0008220a  _RTOS_ISR                             
0     00082214  _RAM_CORRECTABLE_ERROR_ISR            
0     0008221e  _RAM_ACCESS_VIOLATION_ISR             
0     00082228  _PIE_RESERVED_ISR                     
0     00082232  _NOTUSED_ISR                          
0     0008223c  _NMI_ISR                              
0     00082246  _MCBSPB_TX_ISR                        
0     00082250  _MCBSPB_RX_ISR                        
0     0008225a  _MCBSPA_TX_ISR                        
0     00082264  _MCBSPA_RX_ISR                        
0     0008226e  _IPC3_ISR                             
0     00082278  _IPC2_ISR                             
0     00082282  _IPC1_ISR                             
0     0008228c  _IPC0_ISR                             
0     00082296  _ILLEGAL_ISR                          
0     000822a0  _I2CB_ISR                             
0     000822aa  _I2CB_FIFO_ISR                        
0     000822b4  _I2CA_ISR                             
0     000822be  _I2CA_FIFO_ISR                        
0     000822c8  _FPU_UNDERFLOW_ISR                    
0     000822d2  _FPU_OVERFLOW_ISR                     
0     000822dc  _FLASH_CORRECTABLE_ERROR_ISR          
0     000822e6  _EQEP3_ISR                            
0     000822f0  _EQEP2_ISR                            
0     000822fa  _EQEP1_ISR                            
0     00082304  _EPWM9_TZ_ISR                         
0     0008230e  _EPWM9_ISR                            
0     00082318  _EPWM8_TZ_ISR                         
0     00082322  _EPWM8_ISR                            
0     0008232c  _EPWM7_TZ_ISR                         
0     00082336  _EPWM7_ISR                            
0     00082340  _EPWM6_TZ_ISR                         
0     0008234a  _EPWM6_ISR                            
0     00082354  _EPWM5_TZ_ISR                         
0     0008235e  _EPWM5_ISR                            
0     00082368  _EPWM4_TZ_ISR                         
0     00082372  _EPWM4_ISR                            
0     0008237c  _EPWM3_TZ_ISR                         
0     00082386  _EPWM3_ISR                            
0     00082390  _EPWM2_TZ_ISR                         
0     0008239a  _EPWM2_ISR                            
0     000823a4  _EPWM1_TZ_ISR                         
0     000823ae  _EPWM1_ISR                            
0     000823b8  _EPWM12_TZ_ISR                        
0     000823c2  _EPWM12_ISR                           
0     000823cc  _EPWM11_TZ_ISR                        
0     000823d6  _EPWM11_ISR                           
0     000823e0  _EPWM10_TZ_ISR                        
0     000823ea  _EPWM10_ISR                           
0     000823f4  _EMU_ISR                              
0     000823fe  _EMPTY_ISR                            
0     0008240b  _EMIF_ERROR_ISR                       
0     00082415  _ECAP6_ISR                            
0     0008241f  _ECAP5_ISR                            
0     00082429  _ECAP4_ISR                            
0     00082433  _ECAP3_ISR                            
0     0008243d  _ECAP2_ISR                            
0     00082447  _ECAP1_ISR                            
0     00082451  _DMA_CH6_ISR                          
0     0008245b  _DMA_CH5_ISR                          
0     00082465  _DMA_CH4_ISR                          
0     0008246f  _DMA_CH3_ISR                          
0     00082479  _DMA_CH2_ISR                          
0     00082483  _DMA_CH1_ISR                          
0     0008248d  _DATALOG_ISR                          
0     00082497  _CLA_UNDERFLOW_ISR                    
0     000824a1  _CLA_OVERFLOW_ISR                     
0     000824ab  _CLA1_8_ISR                           
0     000824b5  _CLA1_7_ISR                           
0     000824bf  _CLA1_6_ISR                           
0     000824c9  _CLA1_5_ISR                           
0     000824d3  _CLA1_4_ISR                           
0     000824dd  _CLA1_3_ISR                           
0     000824e7  _CLA1_2_ISR                           
0     000824f1  _CLA1_1_ISR                           
0     000824fb  _CANB1_ISR                            
0     00082505  _CANB0_ISR                            
0     0008250f  _CANA1_ISR                            
0     00082519  _CANA0_ISR                            
0     00082523  _AUX_PLL_SLIP_ISR                     
0     0008252d  _ADCD_EVT_ISR                         
0     00082537  _ADCD4_ISR                            
0     00082541  _ADCD3_ISR                            
0     0008254b  _ADCD2_ISR                            
0     00082555  _ADCD1_ISR                            
0     0008255f  _ADCC_EVT_ISR                         
0     00082569  _ADCC4_ISR                            
0     00082573  _ADCC3_ISR                            
0     0008257d  _ADCC2_ISR                            
0     00082587  _ADCC1_ISR                            
0     00082591  _ADCB_EVT_ISR                         
0     0008259b  _ADCB4_ISR                            
0     000825a5  _ADCB3_ISR                            
0     000825af  _ADCB2_ISR                            
0     000825b9  _ADCB1_ISR                            
0     000825c3  _ADCA_EVT_ISR                         
0     000825cd  _ADCA4_ISR                            
0     000825d7  _ADCA3_ISR                            
0     000825e1  _ADCA2_ISR                            
0     000825eb  _ADCA1_ISR                            
0     000825f5  _SysXtalOscSel                        
0     00082601  _SysIntOsc2Sel                        
0     0008260d  _SysIntOsc1Sel                        
0     00082619  _ServiceDog                           
0     00082627  _SeizeFlashPump                       
0     00082639  _STANDBY                              
0     00082644  _ReleaseFlashPump                     
0     0008264e  _InitSysPll                           
0     0008283c  _DisableDog                           
0     00082849  _InitPeripheralClocks                 
0     000828f2  _InitSysCtrl                          
0     00082936  _AuxAuxClkSel                         
0     00082940  _AuxXtalOscSel                        
0     00082951  _AuxIntOsc2Sel                        
0     0008295e  _InitAuxPll                           
0     00082a52  _IDLE                                 
0     00082a5b  _DisablePeripheralClocks              
0     00082a78  _HIB                                  
0     00082a97  _HALT                                 
0     00082ab0  _CsmUnlock                            
0     00082ad1  _strtod                               
0     00082ad1  _strtof                               
0     00082cce  _InitGpio                             
0     00082cfe  _GPIO_WritePin                        
0     00082d18  _GPIO_SetupXINT5Gpio                  
0     00082d1f  _GPIO_SetupXINT4Gpio                  
0     00082d26  _GPIO_SetupXINT3Gpio                  
0     00082d2d  _GPIO_SetupXINT2Gpio                  
0     00082d34  _GPIO_SetupXINT1Gpio                  
0     00082d3b  _GPIO_SetupPinOptions                 
0     00082dc0  _GPIO_SetupPinMux                     
0     00082e15  _GPIO_SetupLock                       
0     00082e37  _GPIO_ReadPin                         
0     00082e4b  _GPIO_EnableUnbondedIOPullupsFor176Pin
0     00082e64  _GPIO_EnableUnbondedIOPullupsFor100Pin
0     00082e89  _GPIO_EnableUnbondedIOPullups         
0     00082e99  __nop                                 
0     00082e9a  _action                               
0     00083057  _scib_xmit                            
0     0008305e  _scib_msg                             
0     00083069  _scib_fifo_init                       
0     00083071  _scib_echoback_init                   
0     00083083  _scia_xmit                            
0     0008308a  _scia_msg                             
0     00083095  _scia_fifo_init                       
0     0008309d  _scia_echoback_init                   
0     000830af  _InitEPwm1                            
0     000830e3  _main                                 
0     0008320f  _statemachine                         
0     000833b5  _InitEPwm1Gpio                        
0     000833cb  _InitEPwm2Gpio                        
0     000833e1  _InitEPwm3Gpio                        
0     000833f9  _InitEPwm4Gpio                        
0     00083411  _InitEPwm5Gpio                        
0     00083427  _InitEPwm6Gpio                        
0     0008343d  _InitEPwm7Gpio                        
0     00083455  _InitEPwm8Gpio                        
0     0008346d  _InitEPwm9Gpio                        
0     00083487  _InitEPwm10Gpio                       
0     000834a2  _InitEPwm11Gpio                       
0     000834be  _InitEPwm12Gpio                       
0     000834db  _InitEPwmGpio                         
0     000834f4  FS$$DIV                               
0     0008357c  _ldexp                                
0     0008357c  _ldexpf                               
0     0008357c  _scalbn                               
0     0008357c  _scalbnf                              
0     000835dc  _floor                                
0     000835dc  _floorf                               
0     00083633  _c_int00                              
0     00083689  _xint2_isr                            
0     000836a8  _xint1_isr                            
0     000836db  _strtok                               
0     00083710  _round                                
0     00083710  _roundf                               
0     00083744  C$$EXIT                               
0     00083744  _abort                                
0     00083746  _exit                                 
0     0008376d  _InitPieCtrl                          
0     0008378c  _EnableInterrupts                     
0     00083795  _copy_in                              
0     000837b9  _memcpy                               
0     000837d7  __args_main                           
0     000837f0  LL$$AND                               
0     000837f8  LL$$OR                                
0     00083800  LL$$XOR                               
0     00083808  _InitPieVectTable                     
0     00083819  __system_pre_init                     
0     0008381b  __system_post_cinit                   
0     00086000  _RamfuncsLoadStart                    
0     0008604c  _RamfuncsLoadEnd                      
0     00090000  _PieVectTableInit                     
0     000901c0  __ctypes_                             
0     000902ee  _sw_const                             
0     000902f0  _beta                                 
0     000902f2  _alpha                                
0     000902f4  _EPWM1_TIMER_TBPRD                    
0     000902f6  _MAX_TORQUE                           
1     00000400  __stack                               
1     00000500  __STACK_END                           
1     00000b00  _AdcaResultRegs                       
1     00000b20  _AdcbResultRegs                       
1     00000b40  _AdccResultRegs                       
1     00000b60  _AdcdResultRegs                       
1     00000c00  _CpuTimer0Regs                        
1     00000c08  _CpuTimer1Regs                        
1     00000c10  _CpuTimer2Regs                        
1     00000ce0  _PieCtrlRegs                          
1     00000d00  _EmuBMode                             
1     00000d00  _PieVectTable                         
1     00000d01  _EmuBootPins                          
1     00001000  _DmaRegs                              
1     00001400  _Cla1Regs                             
1     00004000  _EPwm1Regs                            
1     00004100  _EPwm2Regs                            
1     00004200  _EPwm3Regs                            
1     00004300  _EPwm4Regs                            
1     00004400  _EPwm5Regs                            
1     00004500  _EPwm6Regs                            
1     00004600  _EPwm7Regs                            
1     00004700  _EPwm8Regs                            
1     00004800  _EPwm9Regs                            
1     00004900  _EPwm10Regs                           
1     00004a00  _EPwm11Regs                           
1     00004b00  _EPwm12Regs                           
1     00005000  _ECap1Regs                            
1     00005020  _ECap2Regs                            
1     00005040  _ECap3Regs                            
1     00005060  _ECap4Regs                            
1     00005080  _ECap5Regs                            
1     000050a0  _ECap6Regs                            
1     00005100  _EQep1Regs                            
1     00005140  _EQep2Regs                            
1     00005180  _EQep3Regs                            
1     00005c00  _DacaRegs                             
1     00005c10  _DacbRegs                             
1     00005c20  _DaccRegs                             
1     00005c80  _Cmpss1Regs                           
1     00005ca0  _Cmpss2Regs                           
1     00005cc0  _Cmpss3Regs                           
1     00005ce0  _Cmpss4Regs                           
1     00005d00  _Cmpss5Regs                           
1     00005d20  _Cmpss6Regs                           
1     00005d40  _Cmpss7Regs                           
1     00005d60  _Cmpss8Regs                           
1     00005e00  _Sdfm1Regs                            
1     00005e80  _Sdfm2Regs                            
1     00006000  _McbspaRegs                           
1     00006040  _McbspbRegs                           
1     00006100  _SpiaRegs                             
1     00006110  _SpibRegs                             
1     00006120  _SpicRegs                             
1     00006200  _UppRegs                              
1     00007000  _WdRegs                               
1     00007060  _NmiIntruptRegs                       
1     00007070  _XintRegs                             
1     00007200  _SciaRegs                             
1     00007210  _ScibRegs                             
1     00007220  _ScicRegs                             
1     00007230  _ScidRegs                             
1     00007300  _I2caRegs                             
1     00007340  _I2cbRegs                             
1     00007400  _AdcaRegs                             
1     00007480  _AdcbRegs                             
1     00007500  _AdccRegs                             
1     00007580  _AdcdRegs                             
1     00007900  _InputXbarRegs                        
1     00007920  _XbarRegs                             
1     00007940  _SyncSocRegs                          
1     00007980  _DmaClaSrcSelRegs                     
1     00007a00  _EPwmXbarRegs                         
1     00007a80  _OutputXbarRegs                       
1     00007c00  _GpioCtrlRegs                         
1     00007f00  _GpioDataRegs                         
1     0000a840  _duty_cycle                           
1     0000a842  _u                                    
1     0000a844  _K_compliant                          
1     0000a850  _K_updown                             
1     0000a85c  _K_balance                            
1     0000a868  _LoopCount                            
1     0000a869  _pwm_active                           
1     0000a86a  _state                                
1     0000a86c  _x                                    
1     0000a878  ___TI_enable_exit_profile_output      
1     0000a87a  ___TI_cleanup_ptr                     
1     0000a87c  ___TI_dtors_ptr                       
1     0000a87e  __lock                                
1     0000a880  ___softfloat_float_rounding_mode      
1     0000a881  ___softfloat_float_exception_mask     
1     0000a882  ___softfloat_float_exception_flags    
1     0000a883  _errno                                
1     0000a884  __unlock                              
1     00047000  _Emif1Regs                            
1     00047800  _Emif2Regs                            
1     00048000  _CanaRegs                             
1     0004a000  _CanbRegs                             
1     00050000  _IpcRegs                              
1     00050024  _FlashPumpSemaphoreRegs               
1     0005d000  _DevCfgRegs                           
1     0005d180  _AnalogSubsysRegs                     
1     0005d200  _ClkCfgRegs                           
1     0005d300  _CpuSysRegs                           
1     0005e608  _RomPrefetchRegs                      
1     0005f000  _DcsmZ1Regs                           
1     0005f040  _DcsmZ2Regs                           
1     0005f070  _DcsmCommonRegs                       
1     0005f400  _MemCfgRegs                           
1     0005f480  _Emif1ConfigRegs                      
1     0005f4a0  _Emif2ConfigRegs                      
1     0005f4c0  _AccessProtectionRegs                 
1     0005f500  _MemoryErrorRegs                      
1     0005f540  _RomWaitStateRegs                     
1     0005f800  _Flash0CtrlRegs                       
1     0005fb00  _Flash0EccRegs                        
abs   0000004c  _RamfuncsLoadSize                     
abs   0000004c  _RamfuncsRunSize                      
abs   00000100  __STACK_SIZE                          
abs   ffffffff  .text                                 
abs   ffffffff  ___TI_pprof_out_hndl                  
abs   ffffffff  ___TI_prof_data_size                  
abs   ffffffff  ___TI_prof_data_start                 
abs   ffffffff  ___binit__                            
abs   ffffffff  ___c_args__                           
abs   ffffffff  ___etext__                            
abs   ffffffff  ___pinit__                            
abs   ffffffff  ___text__                             
abs   ffffffff  binit                                 
abs   ffffffff  etext                                 
abs   ffffffff  pinit                                 

[379 symbols]
